2026-08-02 09:12:01 INFO Server started successfully
2026-08-02 09:12:03 INFO Listening on port 8080
2026-08-02 09:14:22 INFO User login: user_412
2026-08-02 09:15:47 WARNING Disk space below 15%
2026-08-02 09:16:10 INFO User login: user_198
2026-08-02 09:18:33 ERROR Failed to connect to database
2026-08-02 09:18:34 INFO Retry attempt 1
2026-08-02 09:18:36 INFO Retry attempt 2
2026-08-02 09:18:39 INFO Database connection restored
2026-08-02 09:22:15 INFO User login: user_733
2026-08-02 09:25:01 WARNING High memory usage detected
2026-08-02 09:27:44 ERROR Failed to connect to database
2026-08-02 09:27:45 INFO Retry attempt 1
2026-08-02 09:27:47 INFO Database connection restored
2026-08-02 09:31:19 INFO User login: user_205
2026-08-02 09:33:52 ERROR Payment gateway timeout
2026-08-02 09:33:53 INFO Retry attempt 1
2026-08-02 09:33:56 INFO Payment gateway responded
2026-08-02 09:40:08 INFO User logout: user_412
2026-08-02 09:44:31 WARNING Disk space below 15%
2026-08-02 09:48:17 INFO User login: user_910
2026-08-02 09:52:03 ERROR Failed to connect to database
2026-08-02 09:52:04 INFO Retry attempt 1
2026-08-02 09:52:06 INFO Database connection restored
2026-08-02 09:57:40 INFO User login: user_337
2026-08-02 10:01:22 WARNING High memory usage detected
2026-08-02 10:04:55 ERROR Payment gateway timeout
2026-08-02 10:04:56 INFO Retry attempt 1
2026-08-02 10:04:58 INFO Retry attempt 2
2026-08-02 10:05:01 INFO Payment gateway responded
2026-08-02 10:09:14 INFO User logout: user_733
2026-08-02 10:13:29 WARNING Disk space below 10%
2026-08-02 10:17:02 ERROR Failed to connect to database
2026-08-02 10:17:03 INFO Retry attempt 1
2026-08-02 10:17:05 INFO Database connection restored
2026-08-02 10:22:48 INFO User login: user_501
2026-08-02 10:26:11 INFO User logout: user_198
2026-08-02 10:30:37 ERROR Disk write failure on volume /data
2026-08-02 10:30:38 WARNING Disk space below 10%
2026-08-02 10:34:20 INFO User login: user_662
2026-08-02 10:39:45 ERROR Payment gateway timeout
2026-08-02 10:39:46 INFO Retry attempt 1
2026-08-02 10:39:48 INFO Payment gateway responded
2026-08-02 10:44:12 INFO User logout: user_205
2026-08-02 10:48:59 WARNING High memory usage detected
2026-08-02 10:53:26 ERROR Failed to connect to database
2026-08-02 10:53:27 INFO Retry attempt 1
2026-08-02 10:53:29 INFO Database connection restored
2026-08-02 10:58:03 INFO Server shutdown initiated
2026-08-02 10:58:05 INFO Server stopped

