2026-08-03 08:02:11 INFO Server started successfully
2026-08-03 08:02:13 INFO Listening on port 8080
2026-08-03 08:05:40 INFO User login: user_120
2026-08-03 08:07:22 ERROR Disk write failure on volume /data
2026-08-03 08:07:23 INFO Retry attempt 1
2026-08-03 08:07:25 INFO Write succeeded
2026-08-03 08:11:09 WARNING High memory usage detected
2026-08-03 08:14:37 INFO User login: user_284
2026-08-03 08:17:52 ERROR Authentication service unavailable
2026-08-03 08:17:53 INFO Retry attempt 1
2026-08-03 08:17:55 INFO Authentication service restored
2026-08-03 08:21:08 INFO User logout: user_120
2026-08-03 08:25:44 WARNING Disk space below 20%
2026-08-03 08:29:16 ERROR Authentication service unavailable
2026-08-03 08:29:17 INFO Retry attempt 1
2026-08-03 08:29:19 INFO Authentication service restored
2026-08-03 08:33:02 INFO User login: user_512
2026-08-03 08:37:45 ERROR Cache server timeout
2026-08-03 08:37:46 INFO Retry attempt 1
2026-08-03 08:37:48 INFO Cache server responded
2026-08-03 08:42:30 INFO User login: user_099
2026-08-03 08:46:12 WARNING High memory usage detected
2026-08-03 08:50:58 ERROR Authentication service unavailable
2026-08-03 08:50:59 INFO Retry attempt 1
2026-08-03 08:51:01 INFO Authentication service restored
2026-08-03 08:55:23 INFO User logout: user_284
2026-08-03 08:59:47 ERROR Cache server timeout
2026-08-03 08:59:48 INFO Retry attempt 1
2026-08-03 08:59:50 INFO Cache server responded
2026-08-03 09:04:15 WARNING Disk space below 20%
2026-08-03 09:08:33 INFO User login: user_637
2026-08-03 09:12:56 ERROR Disk write failure on volume /data
2026-08-03 09:12:57 INFO Retry attempt 1
2026-08-03 09:12:59 INFO Write succeeded
2026-08-03 09:17:20 INFO User logout: user_512
2026-08-03 09:21:44 INFO Server shutdown initiated
2026-08-03 09:21:46 INFO Server stopped
